// Jest Snapshot v1, https://goo.gl/fbAQLP

exports[`should take a snapshot 1`] = `
<DocumentFragment>
  <div>
    <h1>
      Bienvenido por favor realiza una busqueda
    </h1>
  </div>
</DocumentFragment>
`;
